// Jest Snapshot v1, https://goo.gl/fbAQLP

exports[`Form Components - TextAreaField is snapshotable 1`] = `
Array [
  <label
    htmlFor="testId"
>
    test label
</label>,
  <textarea
    id="testId"
    name="testName"
    onChange={[Function]}
    value="test value"
/>,
  <small
    className="form-control-focused"
>
    test feedback
</small>,
]
`;
